# serializer version: 1
# name: test_devices[netatmo-0009999992]
  DeviceEntry(area_id=None, config_entries={'01KNA2653QVFBG28E80C117678'}, config_entries_subentries={'01KNA2653QVFBG28E80C117678': {None}}, configuration_url='https://my.netatmo.com/app/energy', connections=set(), created_at=datetime.datetime(2026, 4, 3, 16, 17, 58, 413880, tzinfo=datetime.timezone.utc), disabled_by=None, entry_type=None, hw_version=None, id='793b258bae748fe1eb5175489c5f288e', identifiers={('netatmo', '0009999992')}, labels=set(), manufacturer='Bubbendorf', model='Roller Shutter', model_id=None, modified_at=datetime.datetime(2026, 4, 3, 16, 17, 58, 414016, tzinfo=datetime.timezone.utc), name_by_user=None, name='Entrance Blinds', primary_config_entry='01KNA2653QVFBG28E80C117678', serial_number=None, _suggested_area=None, sw_version=None, via_device_id=None, _cache={})
# ---
# name: test_devices[netatmo-0009999993]
  DeviceEntry(area_id=None, config_entries={'01KNA2653QVFBG28E80C117678'}, config_entries_subentries={'01KNA2653QVFBG28E80C117678': {None}}, configuration_url='https://my.netatmo.com/app/energy', connections=set(), created_at=datetime.datetime(2026, 4, 3, 16, 17, 58, 414119, tzinfo=datetime.timezone.utc), disabled_by=None, entry_type=None, hw_version=None, id='9ea55a5e8bf0738092d780e5a3e77db7', identifiers={('netatmo', '0009999993')}, labels=set(), manufacturer='Bubbendorf', model='Orientable Shutter', model_id=None, modified_at=datetime.datetime(2026, 4, 3, 16, 17, 58, 414245, tzinfo=datetime.timezone.utc), name_by_user=None, name='Bubendorff blind', primary_config_entry='01KNA2653QVFBG28E80C117678', serial_number=None, _suggested_area=None, sw_version=None, via_device_id=None, _cache={})
# ---
# name: test_devices[netatmo-00:11:22:33:00:11:45:fe]
  DeviceEntry(area_id=None, config_entries={'01KNA2653QVFBG28E80C117678'}, config_entries_subentries={'01KNA2653QVFBG28E80C117678': {None}}, configuration_url='https://my.netatmo.com/app/energy', connections=set(), created_at=datetime.datetime(2026, 4, 3, 16, 17, 58, 420758, tzinfo=datetime.timezone.utc), disabled_by=None, entry_type=None, hw_version=None, id='5e24cfd18e66a9586cc49878d4047a07', identifiers={('netatmo', '00:11:22:33:00:11:45:fe')}, labels=set(), manufacturer='Legrand', model='2 wire light switch/dimmer', model_id=None, modified_at=datetime.datetime(2026, 4, 3, 16, 17, 58, 420886, tzinfo=datetime.timezone.utc), name_by_user=None, name='Unknown 00:11:22:33:00:11:45:fe', primary_config_entry='01KNA2653QVFBG28E80C117678', serial_number=None, _suggested_area=None, sw_version=None, via_device_id=None, _cache={})
# ---
# name: test_devices[netatmo-1002003001]
  DeviceEntry(area_id='corridor', config_entries={'01KNA2653QVFBG28E80C117678'}, config_entries_subentries={'01KNA2653QVFBG28E80C117678': {None}}, configuration_url='https://my.netatmo.com/app/energy', connections=set(), created_at=datetime.datetime(2026, 4, 3, 16, 17, 58, 413074, tzinfo=datetime.timezone.utc), disabled_by=None, entry_type=None, hw_version=None, id='d8dd2244ac0f9297c2ff4b7f93e62a52', identifiers={('netatmo', '1002003001')}, labels=set(), manufacturer='Smarther', model='Smarther with Netatmo', model_id=None, modified_at=datetime.datetime(2026, 4, 3, 16, 17, 58, 413081, tzinfo=datetime.timezone.utc), name_by_user=None, name='Corridor', primary_config_entry='01KNA2653QVFBG28E80C117678', serial_number=None, _suggested_area='Corridor', sw_version=None, via_device_id=None, _cache={})
# ---
# name: test_devices[netatmo-12:34:56:00:00:a1:4c:da]
  DeviceEntry(area_id=None, config_entries={'01KNA2653QVFBG28E80C117678'}, config_entries_subentries={'01KNA2653QVFBG28E80C117678': {None}}, configuration_url='https://my.netatmo.com/app/energy', connections=set(), created_at=datetime.datetime(2026, 4, 3, 16, 17, 58, 420430, tzinfo=datetime.timezone.utc), disabled_by=None, entry_type=None, hw_version=None, id='bb9a2f8a57879e42d0a7fe5ce65f55ee', identifiers={('netatmo', '12:34:56:00:00:a1:4c:da')}, labels=set(), manufacturer='Legrand', model='Connected Energy Meter', model_id=None, modified_at=datetime.datetime(2026, 4, 3, 16, 17, 58, 420436, tzinfo=datetime.timezone.utc), name_by_user=None, name='Consumption meter', primary_config_entry='01KNA2653QVFBG28E80C117678', serial_number=None, _suggested_area=None, sw_version=None, via_device_id=None, _cache={})
# ---
# name: test_devices[netatmo-12:34:56:00:01:01:01:a1]
  DeviceEntry(area_id=None, config_entries={'01KNA2653QVFBG28E80C117678'}, config_entries_subentries={'01KNA2653QVFBG28E80C117678': {None}}, configuration_url='https://my.netatmo.com/app/energy', connections=set(), created_at=datetime.datetime(2026, 4, 3, 16, 17, 58, 421206, tzinfo=datetime.timezone.utc), disabled_by=None, entry_type=None, hw_version=None, id='af80612ea0f32d34aa6bfcaa28a0b404', identifiers={('netatmo', '12:34:56:00:01:01:01:a1')}, labels=set(), manufacturer='Legrand', model='Light switch/dimmer with neutral', model_id=None, modified_at=datetime.datetime(2026, 4, 3, 16, 17, 58, 421692, tzinfo=datetime.timezone.utc), name_by_user=None, name='Bathroom light', primary_config_entry='01KNA2653QVFBG28E80C117678', serial_number=None, _suggested_area=None, sw_version=None, via_device_id=None, _cache={})
# ---
# name: test_devices[netatmo-12:34:56:00:01:01:01:b1]
  DeviceEntry(area_id=None, config_entries={'01KNA2653QVFBG28E80C117678'}, config_entries_subentries={'01KNA2653QVFBG28E80C117678': {None}}, configuration_url='https://my.netatmo.com/app/energy', connections=set(), created_at=datetime.datetime(2026, 4, 3, 16, 17, 58, 421837, tzinfo=datetime.timezone.utc), disabled_by=None, entry_type=None, hw_version=None, id='f2ed6cf0b365c3ec1acc4d1311318cab', identifiers={('netatmo', '12:34:56:00:01:01:01:b1')}, labels=set(), manufacturer='Legrand', model='Centralized ventilation device', model_id=None, modified_at=datetime.datetime(2026, 4, 3, 16, 17, 58, 421844, tzinfo=datetime.timezone.utc), name_by_user=None, name='Centralized ventilation controler', primary_config_entry='01KNA2653QVFBG28E80C117678', serial_number=None, _suggested_area=None, sw_version=None, via_device_id=None, _cache={})
# ---
# name: test_devices[netatmo-12:34:56:00:16:0e#0]
  DeviceEntry(area_id=None, config_entries={'01KNA2653QVFBG28E80C117678'}, config_entries_subentries={'01KNA2653QVFBG28E80C117678': {None}}, configuration_url='https://my.netatmo.com/app/energy', connections=set(), created_at=datetime.datetime(2026, 4, 3, 16, 17, 58, 418498, tzinfo=datetime.timezone.utc), disabled_by=None, entry_type=None, hw_version=None, id='e5afcb1ad81be58bd865e2aed19fcf0b', identifiers={('netatmo', '12:34:56:00:16:0e#0')}, labels=set(), manufacturer='Legrand', model='Connected Ecometer', model_id=None, modified_at=datetime.datetime(2026, 4, 3, 16, 17, 58, 418505, tzinfo=datetime.timezone.utc), name_by_user=None, name='Line 1', primary_config_entry='01KNA2653QVFBG28E80C117678', serial_number=None, _suggested_area=None, sw_version=None, via_device_id=None, _cache={})
# ---
# name: test_devices[netatmo-12:34:56:00:16:0e#1]
  DeviceEntry(area_id=None, config_entries={'01KNA2653QVFBG28E80C117678'}, config_entries_subentries={'01KNA2653QVFBG28E80C117678': {None}}, configuration_url='https://my.netatmo.com/app/energy', connections=set(), created_at=datetime.datetime(2026, 4, 3, 16, 17, 58, 418717, tzinfo=datetime.timezone.utc), disabled_by=None, entry_type=None, hw_version=None, id='dacd83ef71a182eae19136598ef2af96', identifiers={('netatmo', '12:34:56:00:16:0e#1')}, labels=set(), manufacturer='Legrand', model='Connected Ecometer', model_id=None, modified_at=datetime.datetime(2026, 4, 3, 16, 17, 58, 418723, tzinfo=datetime.timezone.utc), name_by_user=None, name='Line 2', primary_config_entry='01KNA2653QVFBG28E80C117678', serial_number=None, _suggested_area=None, sw_version=None, via_device_id=None, _cache={})
# ---
# name: test_devices[netatmo-12:34:56:00:16:0e#2]
  DeviceEntry(area_id=None, config_entries={'01KNA2653QVFBG28E80C117678'}, config_entries_subentries={'01KNA2653QVFBG28E80C117678': {None}}, configuration_url='https://my.netatmo.com/app/energy', connections=set(), created_at=datetime.datetime(2026, 4, 3, 16, 17, 58, 418927, tzinfo=datetime.timezone.utc), disabled_by=None, entry_type=None, hw_version=None, id='26eea1273c9dc4452b4b22795ae0b603', identifiers={('netatmo', '12:34:56:00:16:0e#2')}, labels=set(), manufacturer='Legrand', model='Connected Ecometer', model_id=None, modified_at=datetime.datetime(2026, 4, 3, 16, 17, 58, 418935, tzinfo=datetime.timezone.utc), name_by_user=None, name='Line 3', primary_config_entry='01KNA2653QVFBG28E80C117678', serial_number=None, _suggested_area=None, sw_version=None, via_device_id=None, _cache={})
# ---
# name: test_devices[netatmo-12:34:56:00:16:0e#3]
  DeviceEntry(area_id=None, config_entries={'01KNA2653QVFBG28E80C117678'}, config_entries_subentries={'01KNA2653QVFBG28E80C117678': {None}}, configuration_url='https://my.netatmo.com/app/energy', connections=set(), created_at=datetime.datetime(2026, 4, 3, 16, 17, 58, 419141, tzinfo=datetime.timezone.utc), disabled_by=None, entry_type=None, hw_version=None, id='6038ccfac7f3125c3b5c62d46649cee4', identifiers={('netatmo', '12:34:56:00:16:0e#3')}, labels=set(), manufacturer='Legrand', model='Connected Ecometer', model_id=None, modified_at=datetime.datetime(2026, 4, 3, 16, 17, 58, 419147, tzinfo=datetime.timezone.utc), name_by_user=None, name='Line 4', primary_config_entry='01KNA2653QVFBG28E80C117678', serial_number=None, _suggested_area=None, sw_version=None, via_device_id=None, _cache={})
# ---
# name: test_devices[netatmo-12:34:56:00:16:0e#4]
  DeviceEntry(area_id=None, config_entries={'01KNA2653QVFBG28E80C117678'}, config_entries_subentries={'01KNA2653QVFBG28E80C117678': {None}}, configuration_url='https://my.netatmo.com/app/energy', connections=set(), created_at=datetime.datetime(2026, 4, 3, 16, 17, 58, 419356, tzinfo=datetime.timezone.utc), disabled_by=None, entry_type=None, hw_version=None, id='a15b45d96d0f25b679df9c1b230dbadf', identifiers={('netatmo', '12:34:56:00:16:0e#4')}, labels=set(), manufacturer='Legrand', model='Connected Ecometer', model_id=None, modified_at=datetime.datetime(2026, 4, 3, 16, 17, 58, 419362, tzinfo=datetime.timezone.utc), name_by_user=None, name='Line 5', primary_config_entry='01KNA2653QVFBG28E80C117678', serial_number=None, _suggested_area=None, sw_version=None, via_device_id=None, _cache={})
# ---
# name: test_devices[netatmo-12:34:56:00:16:0e#5]
  DeviceEntry(area_id=None, config_entries={'01KNA2653QVFBG28E80C117678'}, config_entries_subentries={'01KNA2653QVFBG28E80C117678': {None}}, configuration_url='https://my.netatmo.com/app/energy', connections=set(), created_at=datetime.datetime(2026, 4, 3, 16, 17, 58, 419567, tzinfo=datetime.timezone.utc), disabled_by=None, entry_type=None, hw_version=None, id='0bb9ca2560ff03afde5f8993d0458098', identifiers={('netatmo', '12:34:56:00:16:0e#5')}, labels=set(), manufacturer='Legrand', model='Connected Ecometer', model_id=None, modified_at=datetime.datetime(2026, 4, 3, 16, 17, 58, 419573, tzinfo=datetime.timezone.utc), name_by_user=None, name='Total', primary_config_entry='01KNA2653QVFBG28E80C117678', serial_number=None, _suggested_area=None, sw_version=None, via_device_id=None, _cache={})
# ---
# name: test_devices[netatmo-12:34:56:00:16:0e#6]
  DeviceEntry(area_id=None, config_entries={'01KNA2653QVFBG28E80C117678'}, config_entries_subentries={'01KNA2653QVFBG28E80C117678': {None}}, configuration_url='https://my.netatmo.com/app/energy', connections=set(), created_at=datetime.datetime(2026, 4, 3, 16, 17, 58, 419778, tzinfo=datetime.timezone.utc), disabled_by=None, entry_type=None, hw_version=None, id='fd8a6ffefb252dc55ffa74ccda200cba', identifiers={('netatmo', '12:34:56:00:16:0e#6')}, labels=set(), manufacturer='Legrand', model='Connected Ecometer', model_id=None, modified_at=datetime.datetime(2026, 4, 3, 16, 17, 58, 419785, tzinfo=datetime.timezone.utc), name_by_user=None, name='Gas', primary_config_entry='01KNA2653QVFBG28E80C117678', serial_number=None, _suggested_area=None, sw_version=None, via_device_id=None, _cache={})
# ---
# name: test_devices[netatmo-12:34:56:00:16:0e#7]
  DeviceEntry(area_id=None, config_entries={'01KNA2653QVFBG28E80C117678'}, config_entries_subentries={'01KNA2653QVFBG28E80C117678': {None}}, configuration_url='https://my.netatmo.com/app/energy', connections=set(), created_at=datetime.datetime(2026, 4, 3, 16, 17, 58, 419997, tzinfo=datetime.timezone.utc), disabled_by=None, entry_type=None, hw_version=None, id='ed50794547ba6e339390420d553e1586', identifiers={('netatmo', '12:34:56:00:16:0e#7')}, labels=set(), manufacturer='Legrand', model='Connected Ecometer', model_id=None, modified_at=datetime.datetime(2026, 4, 3, 16, 17, 58, 420003, tzinfo=datetime.timezone.utc), name_by_user=None, name='Hot water', primary_config_entry='01KNA2653QVFBG28E80C117678', serial_number=None, _suggested_area=None, sw_version=None, via_device_id=None, _cache={})
# ---
# name: test_devices[netatmo-12:34:56:00:16:0e#8]
  DeviceEntry(area_id=None, config_entries={'01KNA2653QVFBG28E80C117678'}, config_entries_subentries={'01KNA2653QVFBG28E80C117678': {None}}, configuration_url='https://my.netatmo.com/app/energy', connections=set(), created_at=datetime.datetime(2026, 4, 3, 16, 17, 58, 420212, tzinfo=datetime.timezone.utc), disabled_by=None, entry_type=None, hw_version=None, id='0f1254334e749634b1455212bdc8b386', identifiers={('netatmo', '12:34:56:00:16:0e#8')}, labels=set(), manufacturer='Legrand', model='Connected Ecometer', model_id=None, modified_at=datetime.datetime(2026, 4, 3, 16, 17, 58, 420218, tzinfo=datetime.timezone.utc), name_by_user=None, name='Cold water', primary_config_entry='01KNA2653QVFBG28E80C117678', serial_number=None, _suggested_area=None, sw_version=None, via_device_id=None, _cache={})
# ---
# name: test_devices[netatmo-12:34:56:00:f1:62]
  DeviceEntry(area_id=None, config_entries={'01KNA2653QVFBG28E80C117678'}, config_entries_subentries={'01KNA2653QVFBG28E80C117678': {None}}, configuration_url='https://home.netatmo.com/security', connections=set(), created_at=datetime.datetime(2026, 4, 3, 16, 17, 58, 413338, tzinfo=datetime.timezone.utc), disabled_by=None, entry_type=None, hw_version=None, id='348758403697b1b9cb02d31f25d6137f', identifiers={('netatmo', '12:34:56:00:f1:62')}, labels=set(), manufacturer='Netatmo', model='Smart Indoor Camera', model_id=None, modified_at=datetime.datetime(2026, 4, 3, 16, 17, 58, 413344, tzinfo=datetime.timezone.utc), name_by_user=None, name='Hall', primary_config_entry='01KNA2653QVFBG28E80C117678', serial_number=None, _suggested_area=None, sw_version=None, via_device_id=None, _cache={})
# ---
# name: test_devices[netatmo-12:34:56:03:1b:e4]
  DeviceEntry(area_id=None, config_entries={'01KNA2653QVFBG28E80C117678'}, config_entries_subentries={'01KNA2653QVFBG28E80C117678': {None}}, configuration_url='https://my.netatmo.com/app/weather', connections=set(), created_at=datetime.datetime(2026, 4, 3, 16, 17, 58, 417372, tzinfo=datetime.timezone.utc), disabled_by=None, entry_type=None, hw_version=None, id='9cbc6a34ae7ce33b2ca1976bf212234a', identifiers={('netatmo', '12:34:56:03:1b:e4')}, labels=set(), manufacturer='Netatmo', model='Smart Anemometer', model_id=None, modified_at=datetime.datetime(2026, 4, 3, 16, 17, 58, 417378, tzinfo=datetime.timezone.utc), name_by_user=None, name='Villa Garden', primary_config_entry='01KNA2653QVFBG28E80C117678', serial_number=None, _suggested_area=None, sw_version=None, via_device_id=None, _cache={})
# ---
# name: test_devices[netatmo-12:34:56:10:b9:0e]
  DeviceEntry(area_id=None, config_entries={'01KNA2653QVFBG28E80C117678'}, config_entries_subentries={'01KNA2653QVFBG28E80C117678': {None}}, configuration_url='https://home.netatmo.com/security', connections=set(), created_at=datetime.datetime(2026, 4, 3, 16, 17, 58, 413623, tzinfo=datetime.timezone.utc), disabled_by=None, entry_type=None, hw_version=None, id='d6e5939ff3e1e531fff317bb56ae9e80', identifiers={('netatmo', '12:34:56:10:b9:0e')}, labels=set(), manufacturer='Netatmo', model='Smart Outdoor Camera', model_id=None, modified_at=datetime.datetime(2026, 4, 3, 16, 17, 58, 413629, tzinfo=datetime.timezone.utc), name_by_user=None, name='Front', primary_config_entry='01KNA2653QVFBG28E80C117678', serial_number=None, _suggested_area=None, sw_version=None, via_device_id=None, _cache={})
# ---
# name: test_devices[netatmo-12:34:56:10:f1:66]
  DeviceEntry(area_id=None, config_entries={'01KNA2653QVFBG28E80C117678'}, config_entries_subentries={'01KNA2653QVFBG28E80C117678': {None}}, configuration_url='https://home.netatmo.com/security', connections=set(), created_at=datetime.datetime(2026, 4, 3, 16, 17, 58, 413484, tzinfo=datetime.timezone.utc), disabled_by=None, entry_type=None, hw_version=None, id='8e9463a3e70100b3d10dea1aa96a95c7', identifiers={('netatmo', '12:34:56:10:f1:66')}, labels=set(), manufacturer='Netatmo', model='Smart Video Doorbell', model_id=None, modified_at=datetime.datetime(2026, 4, 3, 16, 17, 58, 413491, tzinfo=datetime.timezone.utc), name_by_user=None, name='Netatmo-Doorbell', primary_config_entry='01KNA2653QVFBG28E80C117678', serial_number=None, _suggested_area=None, sw_version=None, via_device_id=None, _cache={})
# ---
# name: test_devices[netatmo-12:34:56:25:cf:a8]
  DeviceEntry(area_id=None, config_entries={'01KNA2653QVFBG28E80C117678'}, config_entries_subentries={'01KNA2653QVFBG28E80C117678': {None}}, configuration_url='https://my.netatmo.com/app/weather', connections=set(), created_at=datetime.datetime(2026, 4, 3, 16, 17, 58, 407648, tzinfo=datetime.timezone.utc), disabled_by=None, entry_type=None, hw_version=None, id='45dea31e3eb25b06e424c01230e47786', identifiers={('netatmo', '12:34:56:25:cf:a8')}, labels=set(), manufacturer='Netatmo', model='Smart Indoor Air Quality Monitor', model_id=None, modified_at=datetime.datetime(2026, 4, 3, 16, 17, 58, 407655, tzinfo=datetime.timezone.utc), name_by_user=None, name='Kitchen', primary_config_entry='01KNA2653QVFBG28E80C117678', serial_number=None, _suggested_area=None, sw_version=None, via_device_id=None, _cache={})
# ---
# name: test_devices[netatmo-12:34:56:26:65:14]
  DeviceEntry(area_id=None, config_entries={'01KNA2653QVFBG28E80C117678'}, config_entries_subentries={'01KNA2653QVFBG28E80C117678': {None}}, configuration_url='https://my.netatmo.com/app/weather', connections=set(), created_at=datetime.datetime(2026, 4, 3, 16, 17, 58, 408477, tzinfo=datetime.timezone.utc), disabled_by=None, entry_type=None, hw_version=None, id='fca6044dd2986e15e7e79bbda3c4a8b5', identifiers={('netatmo', '12:34:56:26:65:14')}, labels=set(), manufacturer='Netatmo', model='Smart Indoor Air Quality Monitor', model_id=None, modified_at=datetime.datetime(2026, 4, 3, 16, 17, 58, 408483, tzinfo=datetime.timezone.utc), name_by_user=None, name='Livingroom', primary_config_entry='01KNA2653QVFBG28E80C117678', serial_number=None, _suggested_area=None, sw_version=None, via_device_id=None, _cache={})
# ---
# name: test_devices[netatmo-12:34:56:26:68:92]
  DeviceEntry(area_id=None, config_entries={'01KNA2653QVFBG28E80C117678'}, config_entries_subentries={'01KNA2653QVFBG28E80C117678': {None}}, configuration_url='https://my.netatmo.com/app/weather', connections=set(), created_at=datetime.datetime(2026, 4, 3, 16, 17, 58, 410150, tzinfo=datetime.timezone.utc), disabled_by=None, entry_type=None, hw_version=None, id='15047038c5479b596392c580ba357b3e', identifiers={('netatmo', '12:34:56:26:68:92')}, labels=set(), manufacturer='Netatmo', model='Smart Indoor Air Quality Monitor', model_id=None, modified_at=datetime.datetime(2026, 4, 3, 16, 17, 58, 410157, tzinfo=datetime.timezone.utc), name_by_user=None, name='Baby Bedroom', primary_config_entry='01KNA2653QVFBG28E80C117678', serial_number=None, _suggested_area=None, sw_version=None, via_device_id=None, _cache={})
# ---
# name: test_devices[netatmo-12:34:56:26:69:0c]
  DeviceEntry(area_id=None, config_entries={'01KNA2653QVFBG28E80C117678'}, config_entries_subentries={'01KNA2653QVFBG28E80C117678': {None}}, configuration_url='https://my.netatmo.com/app/weather', connections=set(), created_at=datetime.datetime(2026, 4, 3, 16, 17, 58, 406739, tzinfo=datetime.timezone.utc), disabled_by=None, entry_type=None, hw_version=None, id='da73796377219111a124d25244d1bbc0', identifiers={('netatmo', '12:34:56:26:69:0c')}, labels=set(), manufacturer='Netatmo', model='Smart Indoor Air Quality Monitor', model_id=None, modified_at=datetime.datetime(2026, 4, 3, 16, 17, 58, 406763, tzinfo=datetime.timezone.utc), name_by_user=None, name='Bedroom', primary_config_entry='01KNA2653QVFBG28E80C117678', serial_number=None, _suggested_area=None, sw_version=None, via_device_id=None, _cache={})
# ---
# name: test_devices[netatmo-12:34:56:3e:c5:46]
  DeviceEntry(area_id=None, config_entries={'01KNA2653QVFBG28E80C117678'}, config_entries_subentries={'01KNA2653QVFBG28E80C117678': {None}}, configuration_url='https://my.netatmo.com/app/weather', connections=set(), created_at=datetime.datetime(2026, 4, 3, 16, 17, 58, 409301, tzinfo=datetime.timezone.utc), disabled_by=None, entry_type=None, hw_version=None, id='11fa35a1a405648f9c43981aa8c66862', identifiers={('netatmo', '12:34:56:3e:c5:46')}, labels=set(), manufacturer='Netatmo', model='Smart Indoor Air Quality Monitor', model_id=None, modified_at=datetime.datetime(2026, 4, 3, 16, 17, 58, 409307, tzinfo=datetime.timezone.utc), name_by_user=None, name='Parents Bedroom', primary_config_entry='01KNA2653QVFBG28E80C117678', serial_number=None, _suggested_area=None, sw_version=None, via_device_id=None, _cache={})
# ---
# name: test_devices[netatmo-12:34:56:80:00:12:ac:f2]
  DeviceEntry(area_id=None, config_entries={'01KNA2653QVFBG28E80C117678'}, config_entries_subentries={'01KNA2653QVFBG28E80C117678': {None}}, configuration_url='https://my.netatmo.com/app/energy', connections=set(), created_at=datetime.datetime(2026, 4, 3, 16, 17, 58, 418036, tzinfo=datetime.timezone.utc), disabled_by=None, entry_type=None, hw_version=None, id='9bd017d5506299e01662d25b48a52a40', identifiers={('netatmo', '12:34:56:80:00:12:ac:f2')}, labels=set(), manufacturer='Legrand', model='Plug', model_id=None, modified_at=datetime.datetime(2026, 4, 3, 16, 17, 58, 418151, tzinfo=datetime.timezone.utc), name_by_user=None, name='Prise', primary_config_entry='01KNA2653QVFBG28E80C117678', serial_number=None, _suggested_area=None, sw_version=None, via_device_id=None, _cache={})
# ---
# name: test_devices[netatmo-12:34:56:80:1c:42]
  DeviceEntry(area_id=None, config_entries={'01KNA2653QVFBG28E80C117678'}, config_entries_subentries={'01KNA2653QVFBG28E80C117678': {None}}, configuration_url='https://my.netatmo.com/app/weather', connections=set(), created_at=datetime.datetime(2026, 4, 3, 16, 17, 58, 415158, tzinfo=datetime.timezone.utc), disabled_by=None, entry_type=None, hw_version=None, id='85ad26852be3018e1d8f26997f5e9c24', identifiers={('netatmo', '12:34:56:80:1c:42')}, labels=set(), manufacturer='Netatmo', model='Smart Outdoor Module', model_id=None, modified_at=datetime.datetime(2026, 4, 3, 16, 17, 58, 415165, tzinfo=datetime.timezone.utc), name_by_user=None, name='Villa Outdoor', primary_config_entry='01KNA2653QVFBG28E80C117678', serial_number=None, _suggested_area=None, sw_version=None, via_device_id=None, _cache={})
# ---
# name: test_devices[netatmo-12:34:56:80:44:92]
  DeviceEntry(area_id=None, config_entries={'01KNA2653QVFBG28E80C117678'}, config_entries_subentries={'01KNA2653QVFBG28E80C117678': {None}}, configuration_url='https://my.netatmo.com/app/weather', connections=set(), created_at=datetime.datetime(2026, 4, 3, 16, 17, 58, 416193, tzinfo=datetime.timezone.utc), disabled_by=None, entry_type=None, hw_version=None, id='01a5cf4066b642d5e5e35effe4d2b454', identifiers={('netatmo', '12:34:56:80:44:92')}, labels=set(), manufacturer='Netatmo', model='Smart Indoor Module', model_id=None, modified_at=datetime.datetime(2026, 4, 3, 16, 17, 58, 416200, tzinfo=datetime.timezone.utc), name_by_user=None, name='Villa Bedroom', primary_config_entry='01KNA2653QVFBG28E80C117678', serial_number=None, _suggested_area=None, sw_version=None, via_device_id=None, _cache={})
# ---
# name: test_devices[netatmo-12:34:56:80:7e:18]
  DeviceEntry(area_id=None, config_entries={'01KNA2653QVFBG28E80C117678'}, config_entries_subentries={'01KNA2653QVFBG28E80C117678': {None}}, configuration_url='https://my.netatmo.com/app/weather', connections=set(), created_at=datetime.datetime(2026, 4, 3, 16, 17, 58, 416778, tzinfo=datetime.timezone.utc), disabled_by=None, entry_type=None, hw_version=None, id='24474eb2713ba87ca7ee1756f9348f74', identifiers={('netatmo', '12:34:56:80:7e:18')}, labels=set(), manufacturer='Netatmo', model='Smart Indoor Module', model_id=None, modified_at=datetime.datetime(2026, 4, 3, 16, 17, 58, 416785, tzinfo=datetime.timezone.utc), name_by_user=None, name='Villa Bathroom', primary_config_entry='01KNA2653QVFBG28E80C117678', serial_number=None, _suggested_area=None, sw_version=None, via_device_id=None, _cache={})
# ---
# name: test_devices[netatmo-12:34:56:80:bb:26]
  DeviceEntry(area_id=None, config_entries={'01KNA2653QVFBG28E80C117678'}, config_entries_subentries={'01KNA2653QVFBG28E80C117678': {None}}, configuration_url='https://my.netatmo.com/app/weather', connections=set(), created_at=datetime.datetime(2026, 4, 3, 16, 17, 58, 414370, tzinfo=datetime.timezone.utc), disabled_by=None, entry_type=None, hw_version=None, id='bc64095970ef2f27e3b0688276d4b8e4', identifiers={('netatmo', '12:34:56:80:bb:26')}, labels=set(), manufacturer='Netatmo', model='Smart Home Weather station', model_id=None, modified_at=datetime.datetime(2026, 4, 3, 16, 17, 58, 414376, tzinfo=datetime.timezone.utc), name_by_user=None, name='Villa', primary_config_entry='01KNA2653QVFBG28E80C117678', serial_number=None, _suggested_area=None, sw_version=None, via_device_id=None, _cache={})
# ---
# name: test_devices[netatmo-12:34:56:80:c1:ea]
  DeviceEntry(area_id=None, config_entries={'01KNA2653QVFBG28E80C117678'}, config_entries_subentries={'01KNA2653QVFBG28E80C117678': {None}}, configuration_url='https://my.netatmo.com/app/weather', connections=set(), created_at=datetime.datetime(2026, 4, 3, 16, 17, 58, 415655, tzinfo=datetime.timezone.utc), disabled_by=None, entry_type=None, hw_version=None, id='209d70107d2267c20dc10dcf965e517d', identifiers={('netatmo', '12:34:56:80:c1:ea')}, labels=set(), manufacturer='Netatmo', model='Smart Rain Gauge', model_id=None, modified_at=datetime.datetime(2026, 4, 3, 16, 17, 58, 415661, tzinfo=datetime.timezone.utc), name_by_user=None, name='Villa Rain', primary_config_entry='01KNA2653QVFBG28E80C117678', serial_number=None, _suggested_area=None, sw_version=None, via_device_id=None, _cache={})
# ---
# name: test_devices[netatmo-222452125]
  DeviceEntry(area_id='bureau', config_entries={'01KNA2653QVFBG28E80C117678'}, config_entries_subentries={'01KNA2653QVFBG28E80C117678': {None}}, configuration_url='https://my.netatmo.com/app/energy', connections=set(), created_at=datetime.datetime(2026, 4, 3, 16, 17, 58, 412830, tzinfo=datetime.timezone.utc), disabled_by=None, entry_type=None, hw_version=None, id='60ea466b42635f2e801440edc78df06d', identifiers={('netatmo', '222452125')}, labels=set(), manufacturer='Netatmo', model='OpenTherm Modulating Thermostat', model_id=None, modified_at=datetime.datetime(2026, 4, 3, 16, 17, 58, 412945, tzinfo=datetime.timezone.utc), name_by_user=None, name='Bureau Modulate', primary_config_entry='01KNA2653QVFBG28E80C117678', serial_number=None, _suggested_area='Bureau', sw_version=None, via_device_id=None, _cache={})
# ---
# name: test_devices[netatmo-2746182631]
  DeviceEntry(area_id='livingroom', config_entries={'01KNA2653QVFBG28E80C117678'}, config_entries_subentries={'01KNA2653QVFBG28E80C117678': {None}}, configuration_url='https://my.netatmo.com/app/energy', connections=set(), created_at=datetime.datetime(2026, 4, 3, 16, 17, 58, 411961, tzinfo=datetime.timezone.utc), disabled_by=None, entry_type=None, hw_version=None, id='ae31ea042a07dad44b3702e5a69e6711', identifiers={('netatmo', '2746182631')}, labels=set(), manufacturer='Netatmo', model='Smart Thermostat', model_id=None, modified_at=datetime.datetime(2026, 4, 3, 16, 17, 58, 411969, tzinfo=datetime.timezone.utc), name_by_user=None, name='Livingroom', primary_config_entry='01KNA2653QVFBG28E80C117678', serial_number=None, _suggested_area='Livingroom', sw_version=None, via_device_id=None, _cache={})
# ---
# name: test_devices[netatmo-2833524037]
  DeviceEntry(area_id='entrada', config_entries={'01KNA2653QVFBG28E80C117678'}, config_entries_subentries={'01KNA2653QVFBG28E80C117678': {None}}, configuration_url='https://my.netatmo.com/app/energy', connections=set(), created_at=datetime.datetime(2026, 4, 3, 16, 17, 58, 412269, tzinfo=datetime.timezone.utc), disabled_by=None, entry_type=None, hw_version=None, id='f9766339460b39e3e4cd99160d35a982', identifiers={('netatmo', '2833524037')}, labels=set(), manufacturer='Netatmo', model='Smart Valve', model_id=None, modified_at=datetime.datetime(2026, 4, 3, 16, 17, 58, 412407, tzinfo=datetime.timezone.utc), name_by_user=None, name='Valve1', primary_config_entry='01KNA2653QVFBG28E80C117678', serial_number=None, _suggested_area='Entrada', sw_version=None, via_device_id=None, _cache={})
# ---
# name: test_devices[netatmo-2940411577]
  DeviceEntry(area_id='cocina', config_entries={'01KNA2653QVFBG28E80C117678'}, config_entries_subentries={'01KNA2653QVFBG28E80C117678': {None}}, configuration_url='https://my.netatmo.com/app/energy', connections=set(), created_at=datetime.datetime(2026, 4, 3, 16, 17, 58, 412567, tzinfo=datetime.timezone.utc), disabled_by=None, entry_type=None, hw_version=None, id='76f5158a27910e4a4ec4b5b68b6ccf5c', identifiers={('netatmo', '2940411577')}, labels=set(), manufacturer='Netatmo', model='Smart Valve', model_id=None, modified_at=datetime.datetime(2026, 4, 3, 16, 17, 58, 412694, tzinfo=datetime.timezone.utc), name_by_user=None, name='Valve2', primary_config_entry='01KNA2653QVFBG28E80C117678', serial_number=None, _suggested_area='Cocina', sw_version=None, via_device_id=None, _cache={})
# ---
# name: test_devices[netatmo-91763b24c43d3e344f424e8b]
  DeviceEntry(area_id=None, config_entries={'01KNA2653QVFBG28E80C117678'}, config_entries_subentries={'01KNA2653QVFBG28E80C117678': {None}}, configuration_url='https://my.netatmo.com/app/energy', connections=set(), created_at=datetime.datetime(2026, 4, 3, 16, 17, 58, 411759, tzinfo=datetime.timezone.utc), disabled_by=None, entry_type=None, hw_version=None, id='de35e27d110ecfe6ddfcf1fe1ebd39ad', identifiers={('netatmo', '91763b24c43d3e344f424e8b')}, labels=set(), manufacturer='Netatmo', model='Climate', model_id=None, modified_at=datetime.datetime(2026, 4, 3, 16, 17, 58, 411768, tzinfo=datetime.timezone.utc), name_by_user=None, name='MYHOME', primary_config_entry='01KNA2653QVFBG28E80C117678', serial_number=None, _suggested_area=None, sw_version=None, via_device_id=None, _cache={})
# ---
# name: test_devices[netatmo-Home avg]
  DeviceEntry(area_id=None, config_entries={'01KNA2653QVFBG28E80C117678'}, config_entries_subentries={'01KNA2653QVFBG28E80C117678': {None}}, configuration_url='https://weathermap.netatmo.com/', connections=set(), created_at=datetime.datetime(2026, 4, 3, 16, 17, 58, 402019, tzinfo=datetime.timezone.utc), disabled_by=None, entry_type=None, hw_version=None, id='a4336b2f7367e24d449da3a6f2477571', identifiers={('netatmo', 'Home avg')}, labels=set(), manufacturer='Netatmo', model='Public Weather station', model_id=None, modified_at=datetime.datetime(2026, 4, 3, 16, 17, 58, 402035, tzinfo=datetime.timezone.utc), name_by_user=None, name='Home avg', primary_config_entry='01KNA2653QVFBG28E80C117678', serial_number=None, _suggested_area=None, sw_version=None, via_device_id=None, _cache={})
# ---
# name: test_devices[netatmo-Home max]
  DeviceEntry(area_id=None, config_entries={'01KNA2653QVFBG28E80C117678'}, config_entries_subentries={'01KNA2653QVFBG28E80C117678': {None}}, configuration_url='https://weathermap.netatmo.com/', connections=set(), created_at=datetime.datetime(2026, 4, 3, 16, 17, 58, 403073, tzinfo=datetime.timezone.utc), disabled_by=None, entry_type=None, hw_version=None, id='84b17b4b890dc6d788f6c04758deb4f1', identifiers={('netatmo', 'Home max')}, labels=set(), manufacturer='Netatmo', model='Public Weather station', model_id=None, modified_at=datetime.datetime(2026, 4, 3, 16, 17, 58, 403080, tzinfo=datetime.timezone.utc), name_by_user=None, name='Home max', primary_config_entry='01KNA2653QVFBG28E80C117678', serial_number=None, _suggested_area=None, sw_version=None, via_device_id=None, _cache={})
# ---
# name: test_devices[netatmo-Home min]
  DeviceEntry(area_id=None, config_entries={'01KNA2653QVFBG28E80C117678'}, config_entries_subentries={'01KNA2653QVFBG28E80C117678': {None}}, configuration_url='https://weathermap.netatmo.com/', connections=set(), created_at=datetime.datetime(2026, 4, 3, 16, 17, 58, 404004, tzinfo=datetime.timezone.utc), disabled_by=None, entry_type=None, hw_version=None, id='87af97ccc55a0670b05c7070c6509354', identifiers={('netatmo', 'Home min')}, labels=set(), manufacturer='Netatmo', model='Public Weather station', model_id=None, modified_at=datetime.datetime(2026, 4, 3, 16, 17, 58, 404010, tzinfo=datetime.timezone.utc), name_by_user=None, name='Home min', primary_config_entry='01KNA2653QVFBG28E80C117678', serial_number=None, _suggested_area=None, sw_version=None, via_device_id=None, _cache={})
# ---
