# serializer version: 1
# name: test_entity[camera.front-entry]
  RegistryEntry(entity_id='camera.front', unique_id='12:34:56:10:b9:0e-DeviceType.NOC', platform='netatmo', previous_unique_id=None, aliases=[<ComputedNameType._singleton: 0>], area_id=None, categories={}, capabilities=None, config_entry_id='01KNA263HN7CVS85TRKSTT594X', config_subentry_id=None, created_at=datetime.datetime(2026, 4, 3, 16, 17, 56, 796559, tzinfo=datetime.timezone.utc), device_class=None, device_id='2caa7a1f1e76b74383f69d0a1f8acf68', disabled_by=None, entity_category=None, has_entity_name=True, hidden_by=None, icon=None, id='b7d29fc61e4e7c678c9083c590f9701e', labels=set(), modified_at=datetime.datetime(2026, 4, 3, 16, 17, 56, 796572, tzinfo=datetime.timezone.utc), name=None, object_id_base=None, options={}, original_device_class=None, original_icon=None, original_name=None, suggested_object_id=None, supported_features=<CameraEntityFeature.ON_OFF|STREAM: 3>, translation_key=None, unit_of_measurement=None, compat_aliases=[], original_name_unprefixed=None, _cache={})
# ---
# name: test_entity[camera.front-state]
  <state camera.front=streaming; access_token=1caab5c3b3, brand=Netatmo, motion_detection=True, id=12:34:56:10:b9:0e, monitoring=True, sd_status=4, alim_status=2, is_local=False, vpn_url=https://prodvpn-eu-6.netatmo.net/10.20.30.41/333333333333/444444444444,,, local_url=None, light_state=None, attribution=Data provided by Netatmo, entity_picture=/api/camera_proxy/camera.front?token=1caab5c3b3, friendly_name=Front, supported_features=3 @ 2026-04-03T09:17:56.796636-07:00>
# ---
# name: test_entity[camera.hall-entry]
  RegistryEntry(entity_id='camera.hall', unique_id='12:34:56:00:f1:62-DeviceType.NACamera', platform='netatmo', previous_unique_id=None, aliases=[<ComputedNameType._singleton: 0>], area_id=None, categories={}, capabilities=None, config_entry_id='01KNA263HN7CVS85TRKSTT594X', config_subentry_id=None, created_at=datetime.datetime(2026, 4, 3, 16, 17, 56, 796221, tzinfo=datetime.timezone.utc), device_class=None, device_id='a4bfea96fcf8089e8be5013f80fa0484', disabled_by=None, entity_category=None, has_entity_name=True, hidden_by=None, icon=None, id='de84f2e0c059d712e58ca2b219537a93', labels=set(), modified_at=datetime.datetime(2026, 4, 3, 16, 17, 56, 796241, tzinfo=datetime.timezone.utc), name=None, object_id_base=None, options={}, original_device_class=None, original_icon=None, original_name=None, suggested_object_id=None, supported_features=<CameraEntityFeature.ON_OFF|STREAM: 3>, translation_key=None, unit_of_measurement=None, compat_aliases=[], original_name_unprefixed=None, _cache={})
# ---
# name: test_entity[camera.hall-state]
  <state camera.hall=streaming; access_token=1caab5c3b3, brand=Netatmo, motion_detection=True, id=12:34:56:00:f1:62, monitoring=True, sd_status=4, alim_status=2, is_local=True, vpn_url=https://prodvpn-eu-2.netatmo.net/restricted/10.255.123.45/609e27de5699fb18147ab47d06846631/MTRPn_BeWCav5RBq4U1OMDruTW4dkQ0NuMwNDAw11g,,, local_url=http://192.168.0.123/678460a0d47e5618699fb31169e2b47d, light_state=None, attribution=Data provided by Netatmo, entity_picture=/api/camera_proxy/camera.hall?token=1caab5c3b3, friendly_name=Hall, supported_features=3 @ 2026-04-03T09:17:56.796859-07:00>
# ---
# name: test_entity[camera.netatmo_doorbell-entry]
  RegistryEntry(entity_id='camera.netatmo_doorbell', unique_id='12:34:56:10:f1:66-DeviceType.NDB', platform='netatmo', previous_unique_id=None, aliases=[<ComputedNameType._singleton: 0>], area_id=None, categories={}, capabilities=None, config_entry_id='01KNA263HN7CVS85TRKSTT594X', config_subentry_id=None, created_at=datetime.datetime(2026, 4, 3, 16, 17, 56, 796388, tzinfo=datetime.timezone.utc), device_class=None, device_id='ee53b1c2a769100efe2d8fe367ce0e14', disabled_by=None, entity_category=None, has_entity_name=True, hidden_by=None, icon=None, id='390a9326c5e919f90298ef0af66f0c1e', labels=set(), modified_at=datetime.datetime(2026, 4, 3, 16, 17, 56, 796400, tzinfo=datetime.timezone.utc), name=None, object_id_base=None, options={}, original_device_class=None, original_icon=None, original_name=None, suggested_object_id=None, supported_features=<CameraEntityFeature.ON_OFF: 1>, translation_key=None, unit_of_measurement=None, compat_aliases=[], original_name_unprefixed=None, _cache={})
# ---
# name: test_entity[camera.netatmo_doorbell-state]
  <state camera.netatmo_doorbell=idle; access_token=1caab5c3b3, brand=Netatmo, id=12:34:56:10:f1:66, monitoring=True, sd_status=4, alim_status=2, is_local=None, vpn_url=https://prodvpn-eu-6.netatmo.net/10.20.30.40/1111111111111/2222222222222,,, local_url=None, light_state=None, attribution=Data provided by Netatmo, entity_picture=/api/camera_proxy/camera.netatmo_doorbell?token=1caab5c3b3, friendly_name=Netatmo-Doorbell, supported_features=1 @ 2026-04-03T09:17:56.796477-07:00>
# ---
